// Jest Snapshot v1, https://goo.gl/fbAQLP

exports[`Display city info on Card Render detail info of city 1`] = `
<div
  className="city-card"
>
  <div
    className="city-info"
  >
    <h3>
      one
    </h3>
    <span>
      2022-21-12 17:00
    </span>
  </div>
  <div
    className="aqi"
  >
    <div
      className="aqi-info"
    >
      <h3
        style={
          {
            "backgroundColor": "#0c563b",
          }
        }
      >
        10
      </h3>
      <span
        className="title"
      >
        Good
      </span>
    </div>
    <a
      href="/city-detail"
      onClick={[Function]}
    >
      <div
        className="next-city"
        onClick={[Function]}
        onKeyDown={[Function]}
        role="button"
        tabIndex={0}
      >
        <svg
          className="w-6 h-6 next-icon"
          fill="none"
          stroke="currentColor"
          strokeWidth={1.5}
          viewBox="0 0 24 24"
          xmlns="http://www.w3.org/2000/svg"
        >
          <path
            d="M12.75 15l3-3m0 0l-3-3m3 3h-7.5M21 12a9 9 0 11-18 0 9 9 0 0118 0z"
            strokeLinecap="round"
            strokeLinejoin="round"
          />
        </svg>
      </div>
    </a>
  </div>
</div>
`;
