// Jest Snapshot v1, https://goo.gl/fbAQLP

exports[`Render the country lists Renders the country correctly 1`] = `
<div
  className="country-card"
>
  <div
    className="overlay"
  />
  <a
    href="/cities"
    onClick={[Function]}
  >
    <div
      className="next-route"
      onClick={[Function]}
    >
      <svg
        className="w-6 h-6 next-icon"
        fill="none"
        stroke="currentColor"
        strokeWidth={1.5}
        viewBox="0 0 24 24"
        xmlns="http://www.w3.org/2000/svg"
      >
        <path
          d="M12.75 15l3-3m0 0l-3-3m3 3h-7.5M21 12a9 9 0 11-18 0 9 9 0 0118 0z"
          strokeLinecap="round"
          strokeLinejoin="round"
        />
      </svg>
    </div>
  </a>
  <div
    className="flag"
  >
    <img
      alt="Poland-flag"
      src="https://flagcdn.com/pl.svg"
    />
  </div>
  <div
    className="info"
  >
    <h2
      className="name"
    >
      Poland
    </h2>
    <span>
      Asia
    </span>
  </div>
</div>
`;
